This is e-pTeX, Version 3.14159265-p3.8.2-190131-2.6 (utf8.euc) (TeX Live 2019/Arch Linux) (preloaded format=platex 2019.8.12)  12 AUG 2019 13:38
entering extended mode
 restricted \write18 enabled.
 %&-line parsing enabled.
**/home/me/latex/test/test
(/home/me/latex/test/test.tex
pLaTeX2e <2019-04-06> (based on LaTeX2e <2018-12-01>)
(/usr/share/texmf-dist/tex/platex/jsclasses/jsarticle.cls
Document Class: jsarticle 2019/04/06 jsclasses (okumura, texjporg)

! Class jsarticle Error: You are running pLaTeX.
(jsarticle)              Please use upLaTeX instead, or remove 'uplatex' from
(jsarticle)              the class option list.

See the jsarticle class documentation for explanation.
Type  H <return>  for immediate help.
 ...                                              
                                                  
l.245       {\@ehc}
                   
? 
! Emergency stop.
 ...                                              
                                                  
l.245       {\@ehc}
                   
Try typing  <return>  to proceed.
If that doesn't work, type  X <return>  to quit.

 
Here is how much of TeX's memory you used:
 130 strings out of 493230
 1829 string characters out of 6149322
 66062 words of memory out of 5000000
 4208 multiletter control sequences out of 15000+600000
 7511 words of font info for 31 fonts, out of 8000000 for 9000
 929 hyphenation exceptions out of 8191
 17i,0n,19p,139b,14s stack positions out of 5000i,500n,10000p,200000b,80000s
No pages of output.
